E:\My\2026CUMCM-share\release\.venv\Scripts\python.exe E:\My\2026CUMCM-share\release\src\problem03\margin\search.py
已有结果：0 条（E:\My\2026CUMCM-share\release\result\problem03\margin\margin_search.csv）
阶段 A：粗扫 0:00-6:00 分位 × 6:00 后分位
  开始计算 30 个配置，进程数 8
  [  1/ 30] coarse      qn=0.500 qd=0.750  总费用=1378.44万  紧急=1.83万kWh  弃电=2.538GWh  (124s, ETA 4095s)
  [  2/ 30] coarse      qn=0.500 qd=0.550  总费用=1358.61万  紧急=6.92万kWh  弃电=1.808GWh  (124s, ETA 1978s)
  [  3/ 30] coarse      qn=0.500 qd=0.450  总费用=1376.84万  紧急=12.21万kWh  弃电=1.572GWh  (125s, ETA 1286s)
  [  4/ 30] coarse      qn=0.500 qd=0.650  总费用=1359.34万  紧急=3.64万kWh  弃电=2.119GWh  (126s, ETA 930s)
  [  5/ 30] coarse      qn=0.600 qd=0.250  总费用=1470.51万  紧急=29.77万kWh  弃电=1.290GWh  (126s, ETA 716s)
  [  6/ 30] coarse      qn=0.600 qd=0.350  总费用=1410.43万  紧急=18.94万kWh  弃电=1.439GWh  (126s, ETA 574s)
  [  7/ 30] coarse      qn=0.500 qd=0.250  总费用=1477.85万  紧急=31.28万kWh  弃电=1.246GWh  (126s, ETA 472s)
  [  8/ 30] coarse      qn=0.500 qd=0.350  总费用=1415.27万  紧急=20.04万kWh  弃电=1.388GWh  (126s, ETA 396s)
  [  9/ 30] coarse      qn=0.600 qd=0.550  总费用=1357.23万  紧急=6.52万kWh  弃电=1.868GWh  (157s, ETA 695s)
  [ 10/ 30] coarse      qn=0.600 qd=0.750  总费用=1378.76万  紧急=1.73万kWh  弃电=2.605GWh  (157s, ETA 600s)
  [ 11/ 30] coarse      qn=0.600 qd=0.450  总费用=1373.98万  紧急=11.51万kWh  弃电=1.628GWh  (159s, ETA 518s)
  [ 12/ 30] coarse      qn=0.600 qd=0.650  总费用=1359.27万  紧急=3.49万kWh  弃电=2.183GWh  (158s, ETA 451s)
  [ 13/ 30] coarse      qn=0.700 qd=0.550  总费用=1357.71万  紧急=6.25万kWh  弃电=1.944GWh  (157s, ETA 393s)
  [ 14/ 30] coarse      qn=0.700 qd=0.350  总费用=1407.93万  紧急=18.15万kWh  弃电=1.507GWh  (158s, ETA 345s)
  [ 15/ 30] coarse      qn=0.700 qd=0.450  总费用=1372.88万  紧急=10.97万kWh  弃电=1.700GWh  (158s, ETA 302s)
  [ 16/ 30] coarse      qn=0.700 qd=0.250  总费用=1465.54万  紧急=28.53万kWh  弃电=1.352GWh  (159s, ETA 264s)
  [ 17/ 30] coarse      qn=0.700 qd=0.650  总费用=1360.39万  紧急=3.32万kWh  弃电=2.263GWh  (154s, ETA 345s)
  [ 18/ 30] coarse      qn=0.800 qd=0.750  总费用=1383.35万  紧急=1.47万kWh  弃电=2.799GWh  (150s, ETA 301s)
  [ 19/ 30] coarse      qn=0.700 qd=0.750  总费用=1380.35万  紧急=1.63万kWh  弃电=2.687GWh  (153s, ETA 262s)
  [ 20/ 30] coarse      qn=0.800 qd=0.550  总费用=1359.88万  紧急=5.99万kWh  弃电=2.051GWh  (153s, ETA 227s)
  [ 21/ 30] coarse      qn=0.800 qd=0.650  总费用=1363.28万  紧急=3.16万kWh  弃电=2.373GWh  (154s, ETA 195s)
  [ 22/ 30] coarse      qn=0.800 qd=0.450  总费用=1373.46万  紧急=10.39万kWh  弃电=1.803GWh  (155s, ETA 166s)
  [ 23/ 30] coarse      qn=0.800 qd=0.350  总费用=1407.01万  紧急=17.34万kWh  弃电=1.605GWh  (155s, ETA 139s)
  [ 24/ 30] coarse      qn=0.800 qd=0.250  总费用=1462.20万  紧急=27.25万kWh  弃电=1.443GWh  (159s, ETA 115s)
  [ 25/ 30] coarse      qn=0.900 qd=0.750  总费用=1389.31万  紧急=1.34万kWh  弃电=2.976GWh  (146s, ETA 120s)
  [ 26/ 30] coarse      qn=0.900 qd=0.350  总费用=1408.80万  紧急=16.55万kWh  弃电=1.766GWh  (149s, ETA 93s)
  [ 27/ 30] coarse      qn=0.900 qd=0.550  总费用=1364.96万  紧急=5.74万kWh  弃电=2.223GWh  (148s, ETA 67s)
  [ 28/ 30] coarse      qn=0.900 qd=0.450  总费用=1377.43万  紧急=9.97万kWh  弃电=1.970GWh  (151s, ETA 43s)
  [ 29/ 30] coarse      qn=0.900 qd=0.250  总费用=1461.43万  紧急=26.10万kWh  弃电=1.596GWh  (153s, ETA 21s)
  [ 30/ 30] coarse      qn=0.900 qd=0.650  总费用=1368.84万  紧急=2.95万kWh  弃电=2.549GWh  (150s, ETA 0s)
当前最优：qn=0.600 qd=0.550 总费用=1357.23 万
阶段 B：在最优点附近细扫（步长 0.025）
  跳过已算过的 1 个配置
  开始计算 24 个配置，进程数 8
  [  1/ 24] fine        qn=0.550 qd=0.575  总费用=1356.11万  紧急=5.73万kWh  弃电=1.906GWh  (152s, ETA 4027s)
  [  2/ 24] fine        qn=0.550 qd=0.550  总费用=1357.66万  紧急=6.69万kWh  弃电=1.836GWh  (153s, ETA 1936s)
  [  3/ 24] fine        qn=0.575 qd=0.550  总费用=1357.39万  紧急=6.60万kWh  弃电=1.852GWh  (153s, ETA 1234s)
  [  4/ 24] fine        qn=0.550 qd=0.500  总费用=1363.95万  紧急=8.98万kWh  弃电=1.709GWh  (154s, ETA 885s)
  [  5/ 24] fine        qn=0.575 qd=0.525  总费用=1359.92万  紧急=7.66万kWh  弃电=1.786GWh  (154s, ETA 674s)
  [  6/ 24] fine        qn=0.575 qd=0.500  总费用=1363.37万  紧急=8.83万kWh  弃电=1.724GWh  (154s, ETA 534s)
  [  7/ 24] fine        qn=0.550 qd=0.525  总费用=1360.37万  紧急=7.79万kWh  弃电=1.770GWh  (155s, ETA 433s)
  [  8/ 24] fine        qn=0.550 qd=0.600  总费用=1355.90万  紧急=4.90万kWh  弃电=1.981GWh  (156s, ETA 358s)
  [  9/ 24] fine        qn=0.575 qd=0.575  总费用=1355.97万  紧急=5.66万kWh  弃电=1.922GWh  (153s, ETA 546s)
  [ 10/ 24] fine        qn=0.600 qd=0.575  总费用=1355.95万  紧急=5.60万kWh  弃电=1.939GWh  (152s, ETA 462s)
  [ 11/ 24] fine        qn=0.600 qd=0.500  总费用=1362.99万  紧急=8.70万kWh  弃电=1.740GWh  (157s, ETA 394s)
  [ 12/ 24] fine        qn=0.575 qd=0.600  总费用=1355.78万  紧急=4.84万kWh  弃电=1.998GWh  (158s, ETA 334s)
  [ 13/ 24] fine        qn=0.600 qd=0.525  总费用=1359.67万  紧急=7.56万kWh  弃电=1.802GWh  (157s, ETA 283s)
  [ 14/ 24] fine        qn=0.625 qd=0.500  总费用=1362.80万  紧急=8.60万kWh  弃电=1.757GWh  (157s, ETA 239s)
  [ 15/ 24] fine        qn=0.600 qd=0.600  总费用=1355.78万  紧急=4.78万kWh  弃电=2.015GWh  (158s, ETA 201s)
  [ 16/ 24] fine        qn=0.625 qd=0.525  总费用=1359.58万  紧急=7.47万kWh  弃电=1.819GWh  (158s, ETA 169s)
  [ 17/ 24] fine        qn=0.625 qd=0.575  总费用=1355.97万  紧急=5.54万kWh  弃电=1.957GWh  (151s, ETA 198s)
  [ 18/ 24] fine        qn=0.625 qd=0.550  总费用=1357.28万  紧急=6.46万kWh  弃电=1.886GWh  (154s, ETA 161s)
  [ 19/ 24] fine        qn=0.650 qd=0.575  总费用=1356.08万  紧急=5.48万kWh  弃电=1.975GWh  (151s, ETA 128s)
  [ 20/ 24] fine        qn=0.650 qd=0.500  总费用=1362.70万  紧急=8.50万kWh  弃电=1.775GWh  (154s, ETA 98s)
  [ 21/ 24] fine        qn=0.650 qd=0.550  总费用=1357.38万  紧急=6.40万kWh  弃电=1.904GWh  (153s, ETA 70s)
  [ 22/ 24] fine        qn=0.650 qd=0.525  总费用=1359.57万  紧急=7.40万kWh  弃电=1.837GWh  (155s, ETA 44s)
  [ 23/ 24] fine        qn=0.625 qd=0.600  总费用=1355.90万  紧急=4.74万kWh  弃电=2.033GWh  (156s, ETA 21s)
  [ 24/ 24] fine        qn=0.650 qd=0.600  总费用=1356.11万  紧急=4.70万kWh  弃电=2.052GWh  (155s, ETA 0s)
细扫后最优：qn=0.600 qd=0.600 总费用=1355.78 万
阶段 C：沿两个方向做一维切片（供画曲线）
  跳过已算过的 11 个配置
  开始计算 13 个配置，进程数 8
  [  1/ 13] slice-day   qn=0.600 qd=0.800  总费用=1395.54万  紧急=1.24万kWh  弃电=2.869GWh  (149s, ETA 2062s)
  [  2/ 13] slice-day   qn=0.600 qd=0.700  总费用=1366.88万  紧急=2.52万kWh  弃电=2.377GWh  (152s, ETA 958s)
  [  3/ 13] slice-day   qn=0.600 qd=0.400  总费用=1389.65万  紧急=14.85万kWh  弃电=1.529GWh  (152s, ETA 582s)
  [  4/ 13] slice-day   qn=0.600 qd=0.300  总费用=1436.51万  紧急=23.76万kWh  弃电=1.359GWh  (154s, ETA 396s)
  [  5/ 13] slice-night qn=0.700 qd=0.600  总费用=1356.61万  紧急=4.58万kWh  弃电=2.092GWh  (153s, ETA 281s)
  [  6/ 13] slice-night qn=0.500 qd=0.600  总费用=1356.44万  紧急=5.05万kWh  弃电=1.952GWh  (156s, ETA 208s)
  [  7/ 13] slice-night qn=0.450 qd=0.600  总费用=1357.70万  紧急=5.28万kWh  弃电=1.926GWh  (157s, ETA 154s)
  [  8/ 13] slice-day   qn=0.600 qd=0.200  总费用=1514.50万  紧急=37.44万kWh  弃电=1.232GWh  (158s, ETA 113s)
  [  9/ 13] slice-night qn=0.750 qd=0.600  总费用=1357.66万  紧急=4.49万kWh  弃电=2.141GWh  (139s, ETA 138s)
  [ 10/ 13] slice-night qn=0.850 qd=0.600  总费用=1361.42万  紧急=4.26万kWh  弃电=2.275GWh  (140s, ETA 94s)
  [ 11/ 13] slice-night qn=0.900 qd=0.600  总费用=1364.74万  紧急=4.18万kWh  弃电=2.375GWh  (139s, ETA 57s)
  [ 12/ 13] slice-night qn=0.950 qd=0.600  总费用=1369.83万  紧急=4.10万kWh  弃电=2.521GWh  (140s, ETA 26s)
  [ 13/ 13] slice-night qn=0.800 qd=0.600  总费用=1359.27万  紧急=4.39万kWh  弃电=2.201GWh  (142s, ETA 0s)
最终最优：qn=0.600 qd=0.600 总费用=1355.78 万
============================================================
搜索完成，共 67 个配置
最优裕度：0:00-6:00 = 0.600，6:00 之后 = 0.600
总费用：13557780.28 元（1355.78 万元）
计划购电费：12502873.85 元
调整费用：785257.51 元
紧急购电费：269648.92 元（4.78 万 kWh）
弃电量：2.01 GWh
结果表：E:\My\2026CUMCM-share\release\result\problem03\margin\margin_search.csv

进程已结束，退出代码为 0
