This is pdfTeX, Version 3.141592653-2.6-1.40.27 (TeX Live 2025) (preloaded format=pdflatex 2025.8.5)  11 SEP 2026 19:45
entering extended mode
 restricted \write18 enabled.
 file:line:error style messages enabled.
 %&-line parsing enabled.
**e:/My/2026CUMCM-share/Thesis/document.tex
(e:/My/2026CUMCM-share/Thesis/document.tex
LaTeX2e <2024-11-01> patch level 2
L3 programming layer <2025-01-18>
(d:/texlive/2025/texmf-dist/tex/latex/ctex/ctexart.cls (d:/texlive/2025/texmf-dist/tex/latex/ctex/config/ctexbackend.cfg
File: ctexbackend.cfg 2022/07/14 v2.5.10 Backend configuration file (CTEX)
) (d:/texlive/2025/texmf-dist/tex/latex/l3kernel/expl3.sty
Package: expl3 2025-01-18 L3 programming layer (loader) 
 (d:/texlive/2025/texmf-dist/tex/latex/l3backend/l3backend-pdftex.def
File: l3backend-pdftex.def 2024-05-08 L3 backend support: PDF output (pdfTeX)
\l__color_backend_stack_int=\count196
\l__pdf_internal_box=\box52
))
Document Class: ctexart 2022/07/14 v2.5.10 Chinese adapter for class article (CTEX)
(d:/texlive/2025/texmf-dist/tex/latex/ctex/ctexhook.sty
Package: ctexhook 2022/07/14 v2.5.10 Document and package hooks (CTEX)
) (d:/texlive/2025/texmf-dist/tex/latex/ctex/ctexpatch.sty
Package: ctexpatch 2022/07/14 v2.5.10 Patching commands (CTEX)
) (d:/texlive/2025/texmf-dist/tex/latex/base/fix-cm.sty
Package: fix-cm 2020/11/24 v1.1t fixes to LaTeX
 (d:/texlive/2025/texmf-dist/tex/latex/base/ts1enc.def
File: ts1enc.def 2001/06/05 v3.0e (jk/car/fm) Standard LaTeX file
LaTeX Font Info:    Redeclaring font encoding TS1 on input line 47.
))
\l__ctex_tmp_int=\count197
\l__ctex_tmp_box=\box53
\l__ctex_tmp_dim=\dimen141
\g__ctex_section_depth_int=\count198
\g__ctex_font_size_int=\count199
 (d:/texlive/2025/texmf-dist/tex/latex/ctex/config/ctexopts.cfg
File: ctexopts.cfg 2022/07/14 v2.5.10 Option configuration file (CTEX)
) (d:/texlive/2025/texmf-dist/tex/latex/base/article.cls
Document Class: article 2024/06/29 v1.4n Standard LaTeX document class
(d:/texlive/2025/texmf-dist/tex/latex/base/size10.clo
File: size10.clo 2024/06/29 v1.4n Standard LaTeX file (size option)
)
\c@part=\count266
\c@section=\count267
\c@subsection=\count268
\c@subsubsection=\count269
\c@paragraph=\count270
\c@subparagraph=\count271
\c@figure=\count272
\c@table=\count273
\abovecaptionskip=\skip49
\belowcaptionskip=\skip50
\bibindent=\dimen142
) (d:/texlive/2025/texmf-dist/tex/latex/ctex/engine/ctex-engine-pdftex.def
File: ctex-engine-pdftex.def 2022/07/14 v2.5.10 (pdf)LaTeX adapter (CTEX)
 (d:/texlive/2025/texmf-dist/tex/latex/cjk/texinput/CJKutf8.sty
Package: CJKutf8 2021/10/16 4.8.5
 (d:/texlive/2025/texmf-dist/tex/generic/iftex/ifpdf.sty
Package: ifpdf 2019/10/25 v3.4 ifpdf legacy package. Use iftex instead.
 (d:/texlive/2025/texmf-dist/tex/generic/iftex/iftex.sty
Package: iftex 2024/12/12 v1.0g TeX engine tests
)) (d:/texlive/2025/texmf-dist/tex/latex/base/inputenc.sty
Package: inputenc 2024/02/08 v1.3d Input encoding file
\inpenc@prehook=\toks17
\inpenc@posthook=\toks18
) (d:/texlive/2025/texmf-dist/tex/latex/cjk/texinput/CJK.sty
Package: CJK 2021/10/16 4.8.5
 (d:/texlive/2025/texmf-dist/tex/latex/cjk/texinput/mule/MULEenc.sty
Package: MULEenc 2021/10/16 4.8.5
) (d:/texlive/2025/texmf-dist/tex/latex/cjk/texinput/CJK.enc
File: CJK.enc 2021/10/16 4.8.5
Now handling font encoding C00 ...
... no UTF-8 mapping file for font encoding C00
Now handling font encoding C05 ...
... no UTF-8 mapping file for font encoding C05
Now handling font encoding C09 ...
... no UTF-8 mapping file for font encoding C09
Now handling font encoding C10 ...
... no UTF-8 mapping file for font encoding C10
Now handling font encoding C20 ...
... no UTF-8 mapping file for font encoding C20
Now handling font encoding C19 ...
... no UTF-8 mapping file for font encoding C19
Now handling font encoding C40 ...
... no UTF-8 mapping file for font encoding C40
Now handling font encoding C42 ...
... no UTF-8 mapping file for font encoding C42
Now handling font encoding C43 ...
... no UTF-8 mapping file for font encoding C43
Now handling font encoding C50 ...
... no UTF-8 mapping file for font encoding C50
Now handling font encoding C52 ...
... no UTF-8 mapping file for font encoding C52
Now handling font encoding C49 ...
... no UTF-8 mapping file for font encoding C49
Now handling font encoding C60 ...
... no UTF-8 mapping file for font encoding C60
Now handling font encoding C61 ...
... no UTF-8 mapping file for font encoding C61
Now handling font encoding C63 ...
... no UTF-8 mapping file for font encoding C63
Now handling font encoding C64 ...
... no UTF-8 mapping file for font encoding C64
Now handling font encoding C65 ...
... no UTF-8 mapping file for font encoding C65
Now handling font encoding C70 ...
... no UTF-8 mapping file for font encoding C70
Now handling font encoding C31 ...
... no UTF-8 mapping file for font encoding C31
Now handling font encoding C32 ...
... no UTF-8 mapping file for font encoding C32
Now handling font encoding C33 ...
... no UTF-8 mapping file for font encoding C33
Now handling font encoding C34 ...
... no UTF-8 mapping file for font encoding C34
Now handling font encoding C35 ...
... no UTF-8 mapping file for font encoding C35
Now handling font encoding C36 ...
... no UTF-8 mapping file for font encoding C36
Now handling font encoding C37 ...
... no UTF-8 mapping file for font encoding C37
Now handling font encoding C80 ...
... no UTF-8 mapping file for font encoding C80
Now handling font encoding C81 ...
... no UTF-8 mapping file for font encoding C81
Now handling font encoding C01 ...
... no UTF-8 mapping file for font encoding C01
Now handling font encoding C11 ...
... no UTF-8 mapping file for font encoding C11
Now handling font encoding C21 ...
... no UTF-8 mapping file for font encoding C21
Now handling font encoding C41 ...
... no UTF-8 mapping file for font encoding C41
Now handling font encoding C62 ...
... no UTF-8 mapping file for font encoding C62
)
\CJK@indent=\box54
) (d:/texlive/2025/texmf-dist/tex/latex/base/fontenc.sty
Package: fontenc 2021/04/29 v2.0v Standard LaTeX package
)) (d:/texlive/2025/texmf-dist/tex/latex/cjkpunct/CJKpunct.sty
Package: CJKpunct 2016/05/14 4.8.4
\CJKpunct@cnta=\count274
\CJKpunct@cntb=\count275
\CJKpunct@cntc=\count276
\CJKpunct@cntd=\count277
\CJKpunct@cnte=\count278
   defining Unicode char U+2018 (decimal 8216)
   defining Unicode char U+2019 (decimal 8217)
   defining Unicode char U+201C (decimal 8220)
   defining Unicode char U+201D (decimal 8221)
   defining Unicode char U+2014 (decimal 8212)
   defining Unicode char U+2026 (decimal 8230)
 (d:/texlive/2025/texmf-dist/tex/latex/cjkpunct/CJKpunct.spa)) (d:/texlive/2025/texmf-dist/tex/latex/cjk/texinput/CJKspace.sty
Package: CJKspace 2021/10/16 3.8.0
) (d:/texlive/2025/texmf-dist/tex/latex/cjk/texinput/UTF8/UTF8.bdg
File: UTF8.bdg 2021/10/16 4.8.5
) (d:/texlive/2025/texmf-dist/tex/latex/ctex/ctexspa.def
File: ctexspa.def 2022/07/14 v2.5.10 Space info for CJKpunct (CTEX)
)
\ccwd=\dimen143
\l__ctex_ccglue_skip=\skip51
)
\l__ctex_ziju_dim=\dimen144
 (d:/texlive/2025/texmf-dist/tex/latex/zhnumber/zhnumber.sty
Package: zhnumber 2022/07/14 v3.0 Typesetting numbers with Chinese glyphs
\l__zhnum_scale_int=\count279
\l__zhnum_tmp_int=\count280
 (d:/texlive/2025/texmf-dist/tex/latex/zhnumber/zhnumber-utf8.cfg
File: zhnumber-utf8.cfg 2022/07/14 v3.0 Chinese numerals with UTF8 encoding
))
\l__ctex_heading_skip=\skip52
 (d:/texlive/2025/texmf-dist/tex/latex/ctex/scheme/ctex-scheme-chinese-article.def
File: ctex-scheme-chinese-article.def 2022/07/14 v2.5.10 Chinese scheme for article (CTEX)
 (d:/texlive/2025/texmf-dist/tex/latex/ctex/config/ctex-name-utf8.cfg
File: ctex-name-utf8.cfg 2022/07/14 v2.5.10 Caption with encoding UTF-8 (CTEX)
)) (d:/texlive/2025/texmf-dist/tex/latex/ctex/ctex-c5size.clo
File: ctex-c5size.clo 2022/07/14 v2.5.10 c5size option (CTEX)
) (d:/texlive/2025/texmf-dist/tex/latex/ctex/fontset/ctex-fontset-windows.def
File: ctex-fontset-windows.def 2022/07/14 v2.5.10 Windows fonts definition (CTEX)
)) (d:/texlive/2025/texmf-dist/tex/latex/ctex/config/ctex.cfg
File: ctex.cfg 2022/07/14 v2.5.10 Configuration file (CTEX)
) (d:/texlive/2025/texmf-dist/tex/latex/geometry/geometry.sty
Package: geometry 2020/01/02 v5.9 Page Geometry
 (d:/texlive/2025/texmf-dist/tex/latex/graphics/keyval.sty
Package: keyval 2022/05/29 v1.15 key=value parser (DPC)
\KV@toks@=\toks19
) (d:/texlive/2025/texmf-dist/tex/generic/iftex/ifvtex.sty
Package: ifvtex 2019/10/25 v1.7 ifvtex legacy package. Use iftex instead.
)
\Gm@cnth=\count281
\Gm@cntv=\count282
\c@Gm@tempcnt=\count283
\Gm@bindingoffset=\dimen145
\Gm@wd@mp=\dimen146
\Gm@odd@mp=\dimen147
\Gm@even@mp=\dimen148
\Gm@layoutwidth=\dimen149
\Gm@layoutheight=\dimen150
\Gm@layouthoffset=\dimen151
\Gm@layoutvoffset=\dimen152
\Gm@dimlist=\toks20
) (d:/texlive/2025/texmf-dist/tex/latex/booktabs/booktabs.sty
Package: booktabs 2020/01/12 v1.61803398 Publication quality tables
\heavyrulewidth=\dimen153
\lightrulewidth=\dimen154
\cmidrulewidth=\dimen155
\belowrulesep=\dimen156
\belowbottomsep=\dimen157
\aboverulesep=\dimen158
\abovetopsep=\dimen159
\cmidrulesep=\dimen160
\cmidrulekern=\dimen161
\defaultaddspace=\dimen162
\@cmidla=\count284
\@cmidlb=\count285
\@aboverulesep=\dimen163
\@belowrulesep=\dimen164
\@thisruleclass=\count286
\@lastruleclass=\count287
\@thisrulewidth=\dimen165
) (d:/texlive/2025/texmf-dist/tex/latex/graphics/graphicx.sty
Package: graphicx 2021/09/16 v1.2d Enhanced LaTeX Graphics (DPC,SPQR)
 (d:/texlive/2025/texmf-dist/tex/latex/graphics/graphics.sty
Package: graphics 2024/08/06 v1.4g Standard LaTeX Graphics (DPC,SPQR)
 (d:/texlive/2025/texmf-dist/tex/latex/graphics/trig.sty
Package: trig 2023/12/02 v1.11 sin cos tan (DPC)
) (d:/texlive/2025/texmf-dist/tex/latex/graphics-cfg/graphics.cfg
File: graphics.cfg 2016/06/04 v1.11 sample graphics configuration
)
Package graphics Info: Driver file: pdftex.def on input line 106.
 (d:/texlive/2025/texmf-dist/tex/latex/graphics-def/pdftex.def
File: pdftex.def 2024/04/13 v1.2c Graphics/color driver for pdftex
))
\Gin@req@height=\dimen166
\Gin@req@width=\dimen167
) (d:/texlive/2025/texmf-dist/tex/latex/amsmath/amsmath.sty
Package: amsmath 2024/11/05 v2.17t AMS math features
\@mathmargin=\skip53

For additional information on amsmath, use the `?' option.
(d:/texlive/2025/texmf-dist/tex/latex/amsmath/amstext.sty
Package: amstext 2021/08/26 v2.01 AMS text
 (d:/texlive/2025/texmf-dist/tex/latex/amsmath/amsgen.sty
File: amsgen.sty 1999/11/30 v2.0 generic functions
\@emptytoks=\toks21
\ex@=\dimen168
)) (d:/texlive/2025/texmf-dist/tex/latex/amsmath/amsbsy.sty
Package: amsbsy 1999/11/29 v1.2d Bold Symbols
\pmbraise@=\dimen169
) (d:/texlive/2025/texmf-dist/tex/latex/amsmath/amsopn.sty
Package: amsopn 2022/04/08 v2.04 operator names
)
\inf@bad=\count288
LaTeX Info: Redefining \frac on input line 233.
\uproot@=\count289
\leftroot@=\count290
LaTeX Info: Redefining \overline on input line 398.
LaTeX Info: Redefining \colon on input line 409.
\classnum@=\count291
\DOTSCASE@=\count292
LaTeX Info: Redefining \ldots on input line 495.
LaTeX Info: Redefining \dots on input line 498.
LaTeX Info: Redefining \cdots on input line 619.
\Mathstrutbox@=\box55
\strutbox@=\box56
LaTeX Info: Redefining \big on input line 721.
LaTeX Info: Redefining \Big on input line 722.
LaTeX Info: Redefining \bigg on input line 723.
LaTeX Info: Redefining \Bigg on input line 724.
\big@size=\dimen170
LaTeX Font Info:    Redeclaring font encoding OML on input line 742.
LaTeX Font Info:    Redeclaring font encoding OMS on input line 743.
\macc@depth=\count293
LaTeX Info: Redefining \bmod on input line 904.
LaTeX Info: Redefining \pmod on input line 909.
LaTeX Info: Redefining \smash on input line 939.
LaTeX Info: Redefining \relbar on input line 969.
LaTeX Info: Redefining \Relbar on input line 970.
\c@MaxMatrixCols=\count294
\dotsspace@=\muskip17
\c@parentequation=\count295
\dspbrk@lvl=\count296
\tag@help=\toks22
\row@=\count297
\column@=\count298
\maxfields@=\count299
\andhelp@=\toks23
\eqnshift@=\dimen171
\alignsep@=\dimen172
\tagshift@=\dimen173
\tagwidth@=\dimen174
\totwidth@=\dimen175
\lineht@=\dimen176
\@envbody=\toks24
\multlinegap=\skip54
\multlinetaggap=\skip55
\mathdisplay@stack=\toks25
LaTeX Info: Redefining \[ on input line 2953.
LaTeX Info: Redefining \] on input line 2954.
) (d:/texlive/2025/texmf-dist/tex/latex/tools/multicol.sty
Package: multicol 2024/09/14 v1.9i multicolumn formatting (FMi)
\c@tracingmulticols=\count300
\mult@box=\box57
\multicol@leftmargin=\dimen177
\c@unbalance=\count301
\c@collectmore=\count302
\doublecol@number=\count303
\multicoltolerance=\count304
\multicolpretolerance=\count305
\full@width=\dimen178
\page@free=\dimen179
\premulticols=\dimen180
\postmulticols=\dimen181
\multicolsep=\skip56
\multicolbaselineskip=\skip57
\partial@page=\box58
\last@line=\box59
\mc@boxedresult=\box60
\maxbalancingoverflow=\dimen182
\mult@rightbox=\box61
\mult@grightbox=\box62
\mult@firstbox=\box63
\mult@gfirstbox=\box64
\@tempa=\box65
\@tempa=\box66
\@tempa=\box67
\@tempa=\box68
\@tempa=\box69
\@tempa=\box70
\@tempa=\box71
\@tempa=\box72
\@tempa=\box73
\@tempa=\box74
\@tempa=\box75
\@tempa=\box76
\@tempa=\box77
\@tempa=\box78
\@tempa=\box79
\@tempa=\box80
\@tempa=\box81
\@tempa=\box82
\@tempa=\box83
\@tempa=\box84
\@tempa=\box85
\@tempa=\box86
\@tempa=\box87
\@tempa=\box88
\@tempa=\box89
\@tempa=\box90
\@tempa=\box91
\@tempa=\box92
\@tempa=\box93
\@tempa=\box94
\@tempa=\box95
\@tempa=\box96
\@tempa=\box97
\@tempa=\box98
\@tempa=\box99
\@tempa=\box100
\c@minrows=\count306
\c@columnbadness=\count307
\c@finalcolumnbadness=\count308
\last@try=\dimen183
\multicolovershoot=\dimen184
\multicolundershoot=\dimen185
\mult@nat@firstbox=\box101
\colbreak@box=\box102
\mc@col@check@num=\count309
) (d:/texlive/2025/texmf-dist/tex/latex/listings/listings.sty
\lst@mode=\count310
\lst@gtempboxa=\box103
\lst@token=\toks26
\lst@length=\count311
\lst@currlwidth=\dimen186
\lst@column=\count312
\lst@pos=\count313
\lst@lostspace=\dimen187
\lst@width=\dimen188
\lst@newlines=\count314
\lst@lineno=\count315
\lst@maxwidth=\dimen189
 (d:/texlive/2025/texmf-dist/tex/latex/listings/lstpatch.sty
File: lstpatch.sty 2024/09/23 1.10c (Carsten Heinz)
) (d:/texlive/2025/texmf-dist/tex/latex/listings/lstmisc.sty
File: lstmisc.sty 2024/09/23 1.10c (Carsten Heinz)
\c@lstnumber=\count316
\lst@skipnumbers=\count317
\lst@framebox=\box104
) (d:/texlive/2025/texmf-dist/tex/latex/listings/listings.cfg
File: listings.cfg 2024/09/23 1.10c listings configuration
))
Package: listings 2024/09/23 1.10c (Carsten Heinz)
 (d:/texlive/2025/texmf-dist/tex/latex/xcolor/xcolor.sty
Package: xcolor 2024/09/29 v3.02 LaTeX color extensions (UK)
 (d:/texlive/2025/texmf-dist/tex/latex/graphics-cfg/color.cfg
File: color.cfg 2016/01/02 v1.6 sample color configuration
)
Package xcolor Info: Driver file: pdftex.def on input line 274.
 (d:/texlive/2025/texmf-dist/tex/latex/graphics/mathcolor.ltx)
Package xcolor Info: Model `cmy' substituted by `cmy0' on input line 1349.
Package xcolor Info: Model `hsb' substituted by `rgb' on input line 1353.
Package xcolor Info: Model `RGB' extended on input line 1365.
Package xcolor Info: Model `HTML' substituted by `rgb' on input line 1367.
Package xcolor Info: Model `Hsb' substituted by `hsb' on input line 1368.
Package xcolor Info: Model `tHsb' substituted by `hsb' on input line 1369.
Package xcolor Info: Model `HSB' substituted by `hsb' on input line 1370.
Package xcolor Info: Model `Gray' substituted by `gray' on input line 1371.
Package xcolor Info: Model `wave' substituted by `hsb' on input line 1372.
) (d:/texlive/2025/texmf-dist/tex/latex/tcolorbox/tcolorbox.sty
Package: tcolorbox 2024/10/22 version 6.4.1 text color boxes
 (d:/texlive/2025/texmf-dist/tex/latex/pgf/frontendlayer/tikz.sty (d:/texlive/2025/texmf-dist/tex/latex/pgf/basiclayer/pgf.sty (d:/texlive/2025/texmf-dist/tex/latex/pgf/utilities/pgfrcs.sty (d:/texlive/2025/texmf-dist/tex/generic/pgf/utilities/pgfutil-common.tex
\pgfutil@everybye=\toks27
\pgfutil@tempdima=\dimen190
\pgfutil@tempdimb=\dimen191
) (d:/texlive/2025/texmf-dist/tex/generic/pgf/utilities/pgfutil-latex.def
\pgfutil@abb=\box105
) (d:/texlive/2025/texmf-dist/tex/generic/pgf/utilities/pgfrcs.code.tex (d:/texlive/2025/texmf-dist/tex/generic/pgf/pgf.revision.tex)
Package: pgfrcs 2023-01-15 v3.1.10 (3.1.10)
))
Package: pgf 2023-01-15 v3.1.10 (3.1.10)
 (d:/texlive/2025/texmf-dist/tex/latex/pgf/basiclayer/pgfcore.sty (d:/texlive/2025/texmf-dist/tex/latex/pgf/systemlayer/pgfsys.sty (d:/texlive/2025/texmf-dist/tex/generic/pgf/systemlayer/pgfsys.code.tex
Package: pgfsys 2023-01-15 v3.1.10 (3.1.10)
 (d:/texlive/2025/texmf-dist/tex/generic/pgf/utilities/pgfkeys.code.tex
\pgfkeys@pathtoks=\toks28
\pgfkeys@temptoks=\toks29
 (d:/texlive/2025/texmf-dist/tex/generic/pgf/utilities/pgfkeyslibraryfiltered.code.tex
\pgfkeys@tmptoks=\toks30
))
\pgf@x=\dimen192
\pgf@y=\dimen193
\pgf@xa=\dimen194
\pgf@ya=\dimen195
\pgf@xb=\dimen196
\pgf@yb=\dimen197
\pgf@xc=\dimen198
\pgf@yc=\dimen199
\pgf@xd=\dimen256
\pgf@yd=\dimen257
\w@pgf@writea=\write3
\r@pgf@reada=\read2
\c@pgf@counta=\count318
\c@pgf@countb=\count319
\c@pgf@countc=\count320
\c@pgf@countd=\count321
\t@pgf@toka=\toks31
\t@pgf@tokb=\toks32
\t@pgf@tokc=\toks33
\pgf@sys@id@count=\count322
 (d:/texlive/2025/texmf-dist/tex/generic/pgf/systemlayer/pgf.cfg
File: pgf.cfg 2023-01-15 v3.1.10 (3.1.10)
)
Driver file for pgf: pgfsys-pdftex.def
 (d:/texlive/2025/texmf-dist/tex/generic/pgf/systemlayer/pgfsys-pdftex.def
File: pgfsys-pdftex.def 2023-01-15 v3.1.10 (3.1.10)
 (d:/texlive/2025/texmf-dist/tex/generic/pgf/systemlayer/pgfsys-common-pdf.def
File: pgfsys-common-pdf.def 2023-01-15 v3.1.10 (3.1.10)
))) (d:/texlive/2025/texmf-dist/tex/generic/pgf/systemlayer/pgfsyssoftpath.code.tex
File: pgfsyssoftpath.code.tex 2023-01-15 v3.1.10 (3.1.10)
\pgfsyssoftpath@smallbuffer@items=\count323
\pgfsyssoftpath@bigbuffer@items=\count324
) (d:/texlive/2025/texmf-dist/tex/generic/pgf/systemlayer/pgfsysprotocol.code.tex
File: pgfsysprotocol.code.tex 2023-01-15 v3.1.10 (3.1.10)
)) (d:/texlive/2025/texmf-dist/tex/generic/pgf/basiclayer/pgfcore.code.tex
Package: pgfcore 2023-01-15 v3.1.10 (3.1.10)
 (d:/texlive/2025/texmf-dist/tex/generic/pgf/math/pgfmath.code.tex (d:/texlive/2025/texmf-dist/tex/generic/pgf/math/pgfmathutil.code.tex) (d:/texlive/2025/texmf-dist/tex/generic/pgf/math/pgfmathparser.code.tex
\pgfmath@dimen=\dimen258
\pgfmath@count=\count325
\pgfmath@box=\box106
\pgfmath@toks=\toks34
\pgfmath@stack@operand=\toks35
\pgfmath@stack@operation=\toks36
) (d:/texlive/2025/texmf-dist/tex/generic/pgf/math/pgfmathfunctions.code.tex) (d:/texlive/2025/texmf-dist/tex/generic/pgf/math/pgfmathfunctions.basic.code.tex) (d:/texlive/2025/texmf-dist/tex/generic/pgf/math/pgfmathfunctions.trigonometric.code.tex) (d:/texlive/2025/texmf-dist/tex/generic/pgf/math/pgfmathfunctions.random.code.tex) (d:/texlive/2025/texmf-dist/tex/generic/pgf/math/pgfmathfunctions.comparison.code.tex) (d:/texlive/2025/texmf-dist/tex/generic/pgf/math/pgfmathfunctions.base.code.tex) (d:/texlive/2025/texmf-dist/tex/generic/pgf/math/pgfmathfunctions.round.code.tex) (d:/texlive/2025/texmf-dist/tex/generic/pgf/math/pgfmathfunctions.misc.code.tex) (d:/texlive/2025/texmf-dist/tex/generic/pgf/math/pgfmathfunctions.integerarithmetics.code.tex) (d:/texlive/2025/texmf-dist/tex/generic/pgf/math/pgfmathcalc.code.tex) (d:/texlive/2025/texmf-dist/tex/generic/pgf/math/pgfmathfloat.code.tex
\c@pgfmathroundto@lastzeros=\count326
)) (d:/texlive/2025/texmf-dist/tex/generic/pgf/math/pgfint.code.tex) (d:/texlive/2025/texmf-dist/tex/generic/pgf/basiclayer/pgfcorepoints.code.tex
File: pgfcorepoints.code.tex 2023-01-15 v3.1.10 (3.1.10)
\pgf@picminx=\dimen259
\pgf@picmaxx=\dimen260
\pgf@picminy=\dimen261
\pgf@picmaxy=\dimen262
\pgf@pathminx=\dimen263
\pgf@pathmaxx=\dimen264
\pgf@pathminy=\dimen265
\pgf@pathmaxy=\dimen266
\pgf@xx=\dimen267
\pgf@xy=\dimen268
\pgf@yx=\dimen269
\pgf@yy=\dimen270
\pgf@zx=\dimen271
\pgf@zy=\dimen272
) (d:/texlive/2025/texmf-dist/tex/generic/pgf/basiclayer/pgfcorepathconstruct.code.tex
File: pgfcorepathconstruct.code.tex 2023-01-15 v3.1.10 (3.1.10)
\pgf@path@lastx=\dimen273
\pgf@path@lasty=\dimen274
) (d:/texlive/2025/texmf-dist/tex/generic/pgf/basiclayer/pgfcorepathusage.code.tex
File: pgfcorepathusage.code.tex 2023-01-15 v3.1.10 (3.1.10)
\pgf@shorten@end@additional=\dimen275
\pgf@shorten@start@additional=\dimen276
) (d:/texlive/2025/texmf-dist/tex/generic/pgf/basiclayer/pgfcorescopes.code.tex
File: pgfcorescopes.code.tex 2023-01-15 v3.1.10 (3.1.10)
\pgfpic=\box107
\pgf@hbox=\box108
\pgf@layerbox@main=\box109
\pgf@picture@serial@count=\count327
) (d:/texlive/2025/texmf-dist/tex/generic/pgf/basiclayer/pgfcoregraphicstate.code.tex
File: pgfcoregraphicstate.code.tex 2023-01-15 v3.1.10 (3.1.10)
\pgflinewidth=\dimen277
) (d:/texlive/2025/texmf-dist/tex/generic/pgf/basiclayer/pgfcoretransformations.code.tex
File: pgfcoretransformations.code.tex 2023-01-15 v3.1.10 (3.1.10)
\pgf@pt@x=\dimen278
\pgf@pt@y=\dimen279
\pgf@pt@temp=\dimen280
) (d:/texlive/2025/texmf-dist/tex/generic/pgf/basiclayer/pgfcorequick.code.tex
File: pgfcorequick.code.tex 2023-01-15 v3.1.10 (3.1.10)
) (d:/texlive/2025/texmf-dist/tex/generic/pgf/basiclayer/pgfcoreobjects.code.tex
File: pgfcoreobjects.code.tex 2023-01-15 v3.1.10 (3.1.10)
) (d:/texlive/2025/texmf-dist/tex/generic/pgf/basiclayer/pgfcorepathprocessing.code.tex
File: pgfcorepathprocessing.code.tex 2023-01-15 v3.1.10 (3.1.10)
) (d:/texlive/2025/texmf-dist/tex/generic/pgf/basiclayer/pgfcorearrows.code.tex
File: pgfcorearrows.code.tex 2023-01-15 v3.1.10 (3.1.10)
\pgfarrowsep=\dimen281
) (d:/texlive/2025/texmf-dist/tex/generic/pgf/basiclayer/pgfcoreshade.code.tex
File: pgfcoreshade.code.tex 2023-01-15 v3.1.10 (3.1.10)
\pgf@max=\dimen282
\pgf@sys@shading@range@num=\count328
\pgf@shadingcount=\count329
) (d:/texlive/2025/texmf-dist/tex/generic/pgf/basiclayer/pgfcoreimage.code.tex
File: pgfcoreimage.code.tex 2023-01-15 v3.1.10 (3.1.10)
) (d:/texlive/2025/texmf-dist/tex/generic/pgf/basiclayer/pgfcoreexternal.code.tex
File: pgfcoreexternal.code.tex 2023-01-15 v3.1.10 (3.1.10)
\pgfexternal@startupbox=\box110
) (d:/texlive/2025/texmf-dist/tex/generic/pgf/basiclayer/pgfcorelayers.code.tex
File: pgfcorelayers.code.tex 2023-01-15 v3.1.10 (3.1.10)
) (d:/texlive/2025/texmf-dist/tex/generic/pgf/basiclayer/pgfcoretransparency.code.tex
File: pgfcoretransparency.code.tex 2023-01-15 v3.1.10 (3.1.10)
) (d:/texlive/2025/texmf-dist/tex/generic/pgf/basiclayer/pgfcorepatterns.code.tex
File: pgfcorepatterns.code.tex 2023-01-15 v3.1.10 (3.1.10)
) (d:/texlive/2025/texmf-dist/tex/generic/pgf/basiclayer/pgfcorerdf.code.tex
File: pgfcorerdf.code.tex 2023-01-15 v3.1.10 (3.1.10)
))) (d:/texlive/2025/texmf-dist/tex/generic/pgf/modules/pgfmoduleshapes.code.tex
File: pgfmoduleshapes.code.tex 2023-01-15 v3.1.10 (3.1.10)
\pgfnodeparttextbox=\box111
) (d:/texlive/2025/texmf-dist/tex/generic/pgf/modules/pgfmoduleplot.code.tex
File: pgfmoduleplot.code.tex 2023-01-15 v3.1.10 (3.1.10)
) (d:/texlive/2025/texmf-dist/tex/latex/pgf/compatibility/pgfcomp-version-0-65.sty
Package: pgfcomp-version-0-65 2023-01-15 v3.1.10 (3.1.10)
\pgf@nodesepstart=\dimen283
\pgf@nodesepend=\dimen284
) (d:/texlive/2025/texmf-dist/tex/latex/pgf/compatibility/pgfcomp-version-1-18.sty
Package: pgfcomp-version-1-18 2023-01-15 v3.1.10 (3.1.10)
)) (d:/texlive/2025/texmf-dist/tex/latex/pgf/utilities/pgffor.sty (d:/texlive/2025/texmf-dist/tex/latex/pgf/utilities/pgfkeys.sty (d:/texlive/2025/texmf-dist/tex/generic/pgf/utilities/pgfkeys.code.tex)) (d:/texlive/2025/texmf-dist/tex/latex/pgf/math/pgfmath.sty (d:/texlive/2025/texmf-dist/tex/generic/pgf/math/pgfmath.code.tex)) (d:/texlive/2025/texmf-dist/tex/generic/pgf/utilities/pgffor.code.tex
Package: pgffor 2023-01-15 v3.1.10 (3.1.10)
\pgffor@iter=\dimen285
\pgffor@skip=\dimen286
\pgffor@stack=\toks37
\pgffor@toks=\toks38
)) (d:/texlive/2025/texmf-dist/tex/generic/pgf/frontendlayer/tikz/tikz.code.tex
Package: tikz 2023-01-15 v3.1.10 (3.1.10)
 (d:/texlive/2025/texmf-dist/tex/generic/pgf/libraries/pgflibraryplothandlers.code.tex
File: pgflibraryplothandlers.code.tex 2023-01-15 v3.1.10 (3.1.10)
\pgf@plot@mark@count=\count330
\pgfplotmarksize=\dimen287
)
\tikz@lastx=\dimen288
\tikz@lasty=\dimen289
\tikz@lastxsaved=\dimen290
\tikz@lastysaved=\dimen291
\tikz@lastmovetox=\dimen292
\tikz@lastmovetoy=\dimen293
\tikzleveldistance=\dimen294
\tikzsiblingdistance=\dimen295
\tikz@figbox=\box112
\tikz@figbox@bg=\box113
\tikz@tempbox=\box114
\tikz@tempbox@bg=\box115
\tikztreelevel=\count331
\tikznumberofchildren=\count332
\tikznumberofcurrentchild=\count333
\tikz@fig@count=\count334
 (d:/texlive/2025/texmf-dist/tex/generic/pgf/modules/pgfmodulematrix.code.tex
File: pgfmodulematrix.code.tex 2023-01-15 v3.1.10 (3.1.10)
\pgfmatrixcurrentrow=\count335
\pgfmatrixcurrentcolumn=\count336
\pgf@matrix@numberofcolumns=\count337
)
\tikz@expandcount=\count338
 (d:/texlive/2025/texmf-dist/tex/generic/pgf/frontendlayer/tikz/libraries/tikzlibrarytopaths.code.tex
File: tikzlibrarytopaths.code.tex 2023-01-15 v3.1.10 (3.1.10)
))) (d:/texlive/2025/texmf-dist/tex/latex/tools/verbatim.sty
Package: verbatim 2024-01-22 v1.5x LaTeX2e package for verbatim enhancements
\every@verbatim=\toks39
\verbatim@line=\toks40
\verbatim@in@stream=\read3
) (d:/texlive/2025/texmf-dist/tex/latex/environ/environ.sty
Package: environ 2014/05/04 v0.3 A new way to define environments
 (d:/texlive/2025/texmf-dist/tex/latex/trimspaces/trimspaces.sty
Package: trimspaces 2009/09/17 v1.1 Trim spaces around a token list
)) (d:/texlive/2025/texmf-dist/tex/latex/etoolbox/etoolbox.sty
Package: etoolbox 2025/02/11 v2.5l e-TeX tools for LaTeX (JAW)
\etb@tempcnta=\count339
)
\tcb@titlebox=\box116
\tcb@upperbox=\box117
\tcb@lowerbox=\box118
\tcb@phantombox=\box119
\c@tcbbreakpart=\count340
\c@tcblayer=\count341
\c@tcolorbox@number=\count342
\l__tcobox_tmpa_box=\box120
\l__tcobox_tmpa_dim=\dimen296
\tcb@temp=\box121
\tcb@temp=\box122
\tcb@temp=\box123
\tcb@temp=\box124
) (d:/texlive/2025/texmf-dist/tex/latex/caption/subcaption.sty
Package: subcaption 2023/07/28 v1.6b Sub-captions (AR)
 (d:/texlive/2025/texmf-dist/tex/latex/caption/caption.sty
Package: caption 2023/08/05 v3.6o Customizing captions (AR)
 (d:/texlive/2025/texmf-dist/tex/latex/caption/caption3.sty
Package: caption3 2023/07/31 v2.4d caption3 kernel (AR)
\caption@tempdima=\dimen297
\captionmargin=\dimen298
\caption@leftmargin=\dimen299
\caption@rightmargin=\dimen300
\caption@width=\dimen301
\caption@indent=\dimen302
\caption@parindent=\dimen303
\caption@hangindent=\dimen304
Package caption Info: Standard document class detected.
)
\c@caption@flags=\count343
\c@continuedfloat=\count344
Package caption Info: listings package is loaded.
)
Package caption Info: New subtype `subfigure' on input line 238.
\c@subfigure=\count345
Package caption Info: New subtype `subtable' on input line 238.
\c@subtable=\count346
) (d:/texlive/2025/texmf-dist/tex/latex/abstract/abstract.sty
Package: abstract 2009/06/08 v1.2a configurable abstracts
\abstitleskip=\skip58
\absleftindent=\skip59
\absrightindent=\skip60
\absparindent=\skip61
\absparsep=\skip62
) (d:/texlive/2025/texmf-dist/tex/latex/tabularray/tabularray.sty
Package: tabularray 2024-02-16 v2024A Typeset tabulars and arrays with LaTeX3
\l__tblr_a_int=\count347
\l__tblr_c_int=\count348
\l__tblr_r_int=\count349
\l__tblr_d_dim=\dimen305
\l__tblr_h_dim=\dimen306
\l__tblr_o_dim=\dimen307
\l__tblr_p_dim=\dimen308
\l__tblr_q_dim=\dimen309
\l__tblr_r_dim=\dimen310
\l__tblr_s_dim=\dimen311
\l__tblr_t_dim=\dimen312
\l__tblr_v_dim=\dimen313
\l__tblr_w_dim=\dimen314
\l__tblr_a_box=\box125
\l__tblr_b_box=\box126
\l__tblr_c_box=\box127
\l__tblr_d_box=\box128
\g__tblr_table_count_int=\count350
\c@rownum=\count351
\c@colnum=\count352
\c@rowcount=\count353
\c@colcount=\count354
\abovesep=\dimen315
\belowsep=\dimen316
\leftsep=\dimen317
\rightsep=\dimen318
\g_tblr_level_int=\count355
\g__tblr_data_row_key_count_int=\count356
\g__tblr_data_column_key_count_int=\count357
\g__tblr_data_cell_key_count_int=\count358
\g__tblr_array_int=\count359
\l__tblr_key_count_int=\count360
\l__tblr_key_quotient_int=\count361
\l__tblr_key_quotient_two_int=\count362
\l__tblr_key_remainder_int=\count363
\g__tblr_data_str_value_count_int=\count364
\rulewidth=\dimen319
\l__tblr_strut_dp_dim=\dimen320
\l__tblr_strut_ht_dim=\dimen321
\g__tblr_cell_wd_dim=\dimen322
\g__tblr_cell_ht_dim=\dimen323
\g__tblr_cell_head_dim=\dimen324
\g__tblr_cell_foot_dim=\dimen325
\l__column_target_dim=\dimen326
\l__tblr_caption_box=\box129
\l__tblr_caption_left_box=\box130
\l__tblr_row_head_box=\box131
\l__tblr_row_foot_box=\box132
\l__tblr_row_head_foot_dim=\dimen327
\tablewidth=\dimen328
\l__tblr_table_firsthead_box=\box133
\l__tblr_table_middlehead_box=\box134
\l__tblr_table_lasthead_box=\box135
\l__tblr_table_firstfoot_box=\box136
\l__tblr_table_middlefoot_box=\box137
\l__tblr_table_lastfoot_box=\box138
\l__tblr_remain_height_dim=\dimen329
\l__tblr_long_from_int=\count365
\l__tblr_long_to_int=\count366
\l__tblr_curr_i_int=\count367
\l__tblr_prev_i_int=\count368
\l__tblr_table_page_int=\count369
\l__tblr_table_head_box=\box139
\l__tblr_table_foot_box=\box140
\l__tblr_table_head_foot_dim=\dimen330
\l__tblr_table_head_body_foot_dim=\dimen331
\l__tblr_table_box=\box141
\l__tblr_table_hlines_box=\box142
\l__tblr_hline_box=\box143
\l__tblr_row_box=\box144
\l__tblr_col_o_wd_dim=\dimen332
\l__tblr_col_b_wd_dim=\dimen333
\l__tblr_hline_leftskip_dim=\dimen334
\l__tblr_hline_rightskip_dim=\dimen335
\l__tblr_row_ht_dim=\dimen336
\l__tblr_row_dp_dim=\dimen337
\l__tblr_row_abovesep_dim=\dimen338
\l__tblr_row_belowsep_dim=\dimen339
\l__tblr_row_vlines_box=\box145
\l__tblr_vline_box=\box146
\l__tblr_cell_box=\box147
\l__row_upper_dim=\dimen340
\l__row_lower_dim=\dimen341
\l__row_vpace_dim=\dimen342
\l__tblr_vline_aboveskip_dim=\dimen343
\l__tblr_vline_belowskip_dim=\dimen344
\l__tblr_cell_wd_dim=\dimen345
\l__tblr_cell_ht_dim=\dimen346
\l__tblr_diag_box=\box148
) (d:/texlive/2025/texmf-dist/tex/latex/enumitem/enumitem.sty
Package: enumitem 2025/02/06 v3.11 Customized lists
\labelindent=\skip63
\enit@outerparindent=\dimen347
\enit@toks=\toks41
\enit@inbox=\box149
\enit@count@id=\count370
\enitdp@description=\count371
) (d:/texlive/2025/texmf-dist/tex/latex/cjk/texinput/UTF8/UTF8.enc
File: UTF8.enc 2021/10/16 4.8.5
) (d:/texlive/2025/texmf-dist/tex/latex/cjk/texinput/UTF8/UTF8.chr
File: UTF8.chr 2021/10/16 4.8.5
) (./document.aux)
\openout1 = `document.aux'.

LaTeX Font Info:    Checking defaults for OML/cmm/m/it on input line 32.
LaTeX Font Info:    ... okay on input line 32.
LaTeX Font Info:    Checking defaults for OMS/cmsy/m/n on input line 32.
LaTeX Font Info:    ... okay on input line 32.
LaTeX Font Info:    Checking defaults for OT1/cmr/m/n on input line 32.
LaTeX Font Info:    ... okay on input line 32.
LaTeX Font Info:    Checking defaults for T1/cmr/m/n on input line 32.
LaTeX Font Info:    ... okay on input line 32.
LaTeX Font Info:    Checking defaults for TS1/cmr/m/n on input line 32.
LaTeX Font Info:    ... okay on input line 32.
LaTeX Font Info:    Checking defaults for OMX/cmex/m/n on input line 32.
LaTeX Font Info:    ... okay on input line 32.
LaTeX Font Info:    Checking defaults for U/cmr/m/n on input line 32.
LaTeX Font Info:    ... okay on input line 32.
LaTeX Font Info:    Checking defaults for C00/song/m/n on input line 32.
LaTeX Font Info:    ... okay on input line 32.
LaTeX Font Info:    Checking defaults for C05/song/m/n on input line 32.
LaTeX Font Info:    ... okay on input line 32.
LaTeX Font Info:    Checking defaults for C09/song/m/n on input line 32.
LaTeX Font Info:    ... okay on input line 32.
LaTeX Font Info:    Checking defaults for C10/song/m/n on input line 32.
LaTeX Font Info:    ... okay on input line 32.
LaTeX Font Info:    Checking defaults for C20/song/m/n on input line 32.
LaTeX Font Info:    ... okay on input line 32.
LaTeX Font Info:    Checking defaults for C19/song/m/n on input line 32.
LaTeX Font Info:    ... okay on input line 32.
LaTeX Font Info:    Checking defaults for C40/song/m/n on input line 32.
LaTeX Font Info:    ... okay on input line 32.
LaTeX Font Info:    Checking defaults for C42/song/m/n on input line 32.
LaTeX Font Info:    ... okay on input line 32.
LaTeX Font Info:    Checking defaults for C43/song/m/n on input line 32.
LaTeX Font Info:    ... okay on input line 32.
LaTeX Font Info:    Checking defaults for C50/song/m/n on input line 32.
LaTeX Font Info:    ... okay on input line 32.
LaTeX Font Info:    Checking defaults for C52/song/m/n on input line 32.
LaTeX Font Info:    ... okay on input line 32.
LaTeX Font Info:    Checking defaults for C49/song/m/n on input line 32.
LaTeX Font Info:    ... okay on input line 32.
LaTeX Font Info:    Checking defaults for C60/mj/m/n on input line 32.
LaTeX Font Info:    ... okay on input line 32.
LaTeX Font Info:    Checking defaults for C61/mj/m/n on input line 32.
LaTeX Font Info:    ... okay on input line 32.
LaTeX Font Info:    Checking defaults for C63/mj/m/n on input line 32.
LaTeX Font Info:    ... okay on input line 32.
LaTeX Font Info:    Checking defaults for C64/mj/m/n on input line 32.
LaTeX Font Info:    ... okay on input line 32.
LaTeX Font Info:    Checking defaults for C65/mj/m/n on input line 32.
LaTeX Font Info:    ... okay on input line 32.
LaTeX Font Info:    Checking defaults for C70/song/m/n on input line 32.
LaTeX Font Info:    ... okay on input line 32.
LaTeX Font Info:    Checking defaults for C31/song/m/n on input line 32.
LaTeX Font Info:    ... okay on input line 32.
LaTeX Font Info:    Checking defaults for C32/song/m/n on input line 32.
LaTeX Font Info:    ... okay on input line 32.
LaTeX Font Info:    Checking defaults for C33/song/m/n on input line 32.
LaTeX Font Info:    ... okay on input line 32.
LaTeX Font Info:    Checking defaults for C34/song/m/n on input line 32.
LaTeX Font Info:    ... okay on input line 32.
LaTeX Font Info:    Checking defaults for C35/song/m/n on input line 32.
LaTeX Font Info:    ... okay on input line 32.
LaTeX Font Info:    Checking defaults for C36/song/m/n on input line 32.
LaTeX Font Info:    ... okay on input line 32.
LaTeX Font Info:    Checking defaults for C37/song/m/n on input line 32.
LaTeX Font Info:    ... okay on input line 32.
LaTeX Font Info:    Checking defaults for C80/song/m/n on input line 32.
LaTeX Font Info:    ... okay on input line 32.
LaTeX Font Info:    Checking defaults for C81/song/m/n on input line 32.
LaTeX Font Info:    ... okay on input line 32.
LaTeX Font Info:    Checking defaults for C01/song/m/n on input line 32.
LaTeX Font Info:    ... okay on input line 32.
LaTeX Font Info:    Checking defaults for C11/song/m/n on input line 32.
LaTeX Font Info:    ... okay on input line 32.
LaTeX Font Info:    Checking defaults for C21/song/m/n on input line 32.
LaTeX Font Info:    ... okay on input line 32.
LaTeX Font Info:    Checking defaults for C41/song/m/n on input line 32.
LaTeX Font Info:    ... okay on input line 32.
LaTeX Font Info:    Checking defaults for C62/song/m/n on input line 32.
LaTeX Font Info:    ... okay on input line 32.

*geometry* driver: auto-detecting
*geometry* detected driver: pdftex
*geometry* verbose mode - [ preamble ] result:
* driver: pdftex
* paper: a4paper
* layout: <same size as paper>
* layoutoffset:(h,v)=(0.0pt,0.0pt)
* modes: 
* h-part:(L,W,R)=(71.13188pt, 455.24411pt, 71.13188pt)
* v-part:(T,H,B)=(71.13188pt, 702.78308pt, 71.13188pt)
* \paperwidth=597.50787pt
* \paperheight=845.04684pt
* \textwidth=455.24411pt
* \textheight=702.78308pt
* \oddsidemargin=-1.1381pt
* \evensidemargin=-1.1381pt
* \topmargin=-38.1381pt
* \headheight=12.0pt
* \headsep=25.0pt
* \topskip=10.0pt
* \footskip=30.0pt
* \marginparwidth=65.0pt
* \marginparsep=11.0pt
* \columnsep=10.0pt
* \skip\footins=9.0pt plus 4.0pt minus 2.0pt
* \hoffset=0.0pt
* \voffset=0.0pt
* \mag=1000
* \@twocolumnfalse
* \@twosidefalse
* \@mparswitchfalse
* \@reversemarginfalse
* (1in=72.27pt=25.4mm, 1cm=28.453pt)

(d:/texlive/2025/texmf-dist/tex/context/base/mkii/supp-pdf.mkii
[Loading MPS to PDF converter (version 2006.09.02).]
\scratchcounter=\count372
\scratchdimen=\dimen348
\scratchbox=\box150
\nofMPsegments=\count373
\nofMParguments=\count374
\everyMPshowfont=\toks42
\MPscratchCnt=\count375
\MPscratchDim=\dimen349
\MPnumerator=\count376
\makeMPintoPDFobject=\count377
\everyMPtoPDFconversion=\toks43
) (d:/texlive/2025/texmf-dist/tex/latex/epstopdf-pkg/epstopdf-base.sty
Package: epstopdf-base 2020-01-24 v2.11 Base part for package epstopdf
Package epstopdf-base Info: Redefining graphics rule for `.eps' on input line 485.
 (d:/texlive/2025/texmf-dist/tex/latex/latexconfig/epstopdf-sys.cfg
File: epstopdf-sys.cfg 2010/07/13 v1.3 Configuration of (r)epstopdf for TeX Live
))
\c@lstlisting=\count378
Package caption Info: Begin \AtBeginDocument code.
Package caption Info: End \AtBeginDocument code.
 (d:/texlive/2025/texmf-dist/tex/latex/ninecolors/ninecolors.sty
Package: ninecolors 2022-02-13 v2022D Select colors with proper color contrast
 (d:/texlive/2025/texmf-dist/tex/latex/l3packages/xparse/xparse.sty
Package: xparse 2024-08-16 L3 Experimental document command parser
))
LaTeX Font Info:    Trying to load font information for C70+rm on input line 34.
 (d:/texlive/2025/texmf-dist/tex/latex/ctex/fd/c70rm.fd
File: c70rm.fd 2022/07/14 v2.5.10 Chinese font definition (CTEX)
)
Package CJKpunct Info: use punctuation spaces for family 'rm' with punctstyle (quanjiao) on input line 37.
LaTeX Font Info:    Calculating math sizes for size <11> on input line 50.


(d:/texlive/2025/texmf-dist/tex/generic/ctex/zhmap/ctex-zhmap-windows.tex
File: ctex-zhmap-windows.tex 2022/07/14 v2.5.10 Windows font map loader for pdfTeX and DVIPDFMx (CTEX)
{d:/texlive/2025/texmf-var/fonts/map/pdftex/updmap/pdftex.map}{UGBK.sfd}{Unicode.sfd}) [1

]
Overfull \hbox (1.22765pt too wide) in paragraph at lines 97--102
\C70/rm/m/n/10.53937/94 Ÿ \C70/rm/m/n/10.53937/7c ’ \C70/rm/m/n/10.53937/5e ¦ \C70/rm/m/n/10.53937/76 „ \C70/rm/m/n/10.53937/5b ž \C70/rm/m/n/10.53937/96 E \C70/rm/m/n/10.53937/5c ^^O \C70/rm/m/n/10.53937/53 : \C70/rm/m/n/10.53937/8d ^^_ \C70/rm/m/n/10.53937/8f } \C70/rm/m/n/10.53937/54 Œ \C70/rm/m/n/10.53937/51 I \C70/rm/m/n/10.53937/4f ^^O \C70/rm/m/n/10.53937/53 Ñ \C70/rm/m/n/10.53937/75 5 \C70/rm/m/n/10.53937/52 Ÿ \C70/rm/m/n/10.53937/73 ‡|\C70/rm/m/n/10.53937/ff ^^[| \C70/rm/m/n/10.53937/96 D \C70/rm/m/n/10.53937/4e ö\OT1/cmr/m/n/10.53937 3\C70/rm/m/n/10.53937/7e Ù \C70/rm/m/n/10.53937/51 ú \C70/rm/m/n/10.53937/4e † \C70/rm/m/n/10.53937/6b Ï \C70/rm/m/n/10.53937/59 )\OT1/cmr/m/n/10.53937 0:00|\C70/rm/m/n/10.53937/30 ^^A| \OT1/cmr/m/n/10.53937 6:00|\C70/rm/m/n/10.53937/30 ^^A| \OT1/cmr/m/n/10.53937 12:00\C70/rm/m/n/10.53937/54 Œ\OT1/cmr/m/n/10.53937 18:00\C70/rm/m/n/10.53937/53 Ñ \C70/rm/m/n/10.53937/5e ^^C \C70/rm/m/n/10.53937/76 „ \C70/rm/m/n/10.53937/67 * e\OT1/cmr/m/n/10.53937 24\C70/rm/m/n/10.53937/5c ^^O
 []



[2

]

LaTeX Font Warning: Font shape `OMX/cmex/m/n' in size <10.53937> not available
(Font)              size <10.95> substituted on input line 129.


Overfull \hbox (0.16171pt too wide) in paragraph at lines 146--150
[]\C70/rm/m/n/10.53937/94 ˆ \C70/rm/m/n/10.53937/5b ù \C70/rm/m/n/10.53937/51 I \C70/rm/m/n/10.53937/4f ^^O \C70/rm/m/n/10.53937/53 Ñ \C70/rm/m/n/10.53937/75 5 \C70/rm/m/n/10.53937/5e ú \C70/rm/m/n/10.53937/7a Ë \C70/rm/m/n/10.53937/62 i \C70/rm/m/n/10.53937/5c U \C70/rm/m/n/10.53937/7a — \C70/rm/m/n/10.53937/53 ã \C70/rm/m/n/10.53937/5c ­ \C70/rm/m/n/10.53937/56 Þ \C70/rm/m/n/10.53937/5f R \C70/rm/m/n/10.53937/98 „ \C70/rm/m/n/10.53937/6d K \C70/rm/m/n/10.53937/6a ! \C70/rm/m/n/10.53937/57 ‹|\C70/rm/m/n/10.53937/30 ^^B| \C70/rm/m/n/10.53937/6a ! \C70/rm/m/n/10.53937/57 ‹ \C70/rm/m/n/10.53937/5f ^^U \C70/rm/m/n/10.53937/51 e \C70/rm/m/n/10.53937/52 M\OT1/cmr/m/n/10.53937 1|\C70/rm/m/n/10.53937/30 ^^A| \OT1/cmr/m/n/10.53937 2|\C70/rm/m/n/10.53937/30 ^^A| \OT1/cmr/m/n/10.53937 3|\C70/rm/m/n/10.53937/30 ^^A| \OT1/cmr/m/n/10.53937 7|\C70/rm/m/n/10.53937/30 ^^A| \OT1/cmr/m/n/10.53937 14\C70/rm/m/n/10.53937/65 å \C70/rm/m/n/10.53937/76 „ \C70/rm/m/n/10.53937/6e Þ \C70/rm/m/n/10.53937/54 ^^N \C70/rm/m/n/10.53937/50 <|\C70/rm/m/n/10.53937/ff ^^L| \C70/rm/m/n/10.53937/52 M\OT1/cmr/m/n/10.53937 3\C70/rm/m/n/10.53937/65 å|\C70/rm/m/n/10.53937/30 ^^A|
 []


Overfull \hbox (5.91069pt too wide) in paragraph at lines 150--154
[]\C70/rm/m/n/10.53937/68 9 \C70/rm/m/n/10.53937/63 n \C70/rm/m/n/10.53937/8d ^^_ \C70/rm/m/n/10.53937/8f } \C70/rm/m/n/10.53937/54 Œ \C70/rm/m/n/10.53937/51 I \C70/rm/m/n/10.53937/4f ^^O \C70/rm/m/n/10.53937/98 „ \C70/rm/m/n/10.53937/6d K \C70/rm/m/n/10.53937/8b ¡ \C70/rm/m/n/10.53937/7b — \C70/rm/m/n/10.53937/51 À \C70/rm/m/n/10.53937/8d ^^_ \C70/rm/m/n/10.53937/83 w \C70/rm/m/n/10.53937/98 „ \C70/rm/m/n/10.53937/6d K \C70/rm/m/n/10.53937/50 <|\C70/rm/m/n/10.53937/ff ^^L| \C70/rm/m/n/10.53937/5e v \C70/rm/m/n/10.53937/52 ) \C70/rm/m/n/10.53937/75 ( \C70/rm/m/n/10.53937/67 ^^@ \C70/rm/m/n/10.53937/8f Ñ\OT1/cmr/m/n/10.53937 60\C70/rm/m/n/10.53937/59 ) \C70/rm/m/n/10.53937/54 ^^L \C70/rm/m/n/10.53937/4e ^^@ \C70/rm/m/n/10.53937/65 ö \C70/rm/m/n/10.53937/6b µ \C70/rm/m/n/10.53937/76 „ \C70/rm/m/n/10.53937/6e Ú \C70/rm/m/n/10.53937/52 ¨ \C70/rm/m/n/10.53937/98 „ \C70/rm/m/n/10.53937/6d K \C70/rm/m/n/10.53937/8b ï \C70/rm/m/n/10.53937/5d î \C70/rm/m/n/10.53937/78 n \C70/rm/m/n/10.53937/5b š \OT1/cmr/m/n/10.53937 80%\C70/rm/m/n/10.53937/52 ^^F
 []



[3]

[4]
Overfull \hbox (1.9282pt too wide) in paragraph at lines 210--212
[]\C70/rm/m/n/10.53937/98 ˜ \C70/rm/m/n/10.53937/76 î \C70/rm/m/n/10.53937/62 @ \C70/rm/m/n/10.53937/7e Ù \C70/rm/m/n/10.53937/65 ö \C70/rm/m/n/10.53937/95 ô \C70/rm/m/n/10.53937/68 ^^G \C70/rm/m/n/10.53937/7b ~ \C70/rm/m/n/10.53937/88 h \C70/rm/m/n/10.53937/79 : \C70/rm/m/n/10.53937/5b ù \C70/rm/m/n/10.53937/5e ” \C70/rm/m/n/10.53937/65 ö \C70/rm/m/n/10.53937/6b µ \C70/rm/m/n/10.53937/76 „ \C70/rm/m/n/10.53937/7e Ó \C70/rm/m/n/10.53937/67 _ \C70/rm/m/n/10.53937/65 ö \C70/rm/m/n/10.53937/52 ;|\C70/rm/m/n/10.53937/ff ^^L| \C70/rm/m/n/10.53937/4f ‹ \C70/rm/m/n/10.53937/59 ‚ \C70/rm/m/n/10.53937/96 D \C70/rm/m/n/10.53937/4e ö - \C70/rm/m/n/10.53937/76 „\OT1/cmr/m/n/10.53937 0:10\C70/rm/m/n/10.53937/88 h \C70/rm/m/n/10.53937/79 :\OT1/cmr/m/n/10.53937 0:00--0:10\C70/rm/m/n/10.53937/65 ö \C70/rm/m/n/10.53937/6b µ|\C70/rm/m/n/10.53937/ff ^^L|  \OT1/cmtt/m/n/10.53937 0:00+1\C70/rm/m/n/10.53937/88 h
 []


Overfull \hbox (53.63033pt too wide) in paragraph at lines 216--218
[]\C70/rm/m/n/10.53937/50 ¨ \C70/rm/m/n/10.53937/80 ý \C70/rm/m/n/10.53937/8b ¾ \C70/rm/m/n/10.53937/59 ^^G \C70/rm/m/n/10.53937/76 „ \C70/rm/m/n/10.53937/67 ^^@ \C70/rm/m/n/10.53937/59 ' \C70/rm/m/n/10.53937/51 E \C70/rm/m/n/10.53937/65 > \C70/rm/m/n/10.53937/75 5 \C70/rm/m/n/10.53937/52 Ÿ \C70/rm/m/n/10.53937/73 ‡ \C70/rm/m/n/10.53937/57 G \C70/rm/m/n/10.53937/4e :\OT1/cmr/m/n/10.53937 5000 kW|\C70/rm/m/n/10.53937/ff ^^L| \C70/rm/m/n/10.53937/50 ¨ \C70/rm/m/n/10.53937/75 5 \C70/rm/m/n/10.53937/91 Ï \C70/rm/m/n/10.53937/59 Ë \C70/rm/m/n/10.53937/7e È \C70/rm/m/n/10.53937/4f Ý \C70/rm/m/n/10.53937/63 ^^A \C70/rm/m/n/10.53937/57 (\OT1/cmr/m/n/10.53937 1200--10800 kWh\C70/rm/m/n/10.53937/4e K \C70/rm/m/n/10.53937/95 ô|\C70/rm/m/n/10.53937/ff ^^L|  \OT1/cmr/m/n/10.53937 2025\C70/rm/m/n/10.53937/5e t\OT1/cmr/m/n/10.53937 1\C70/rm/m/n/10.53937/67 ^^H\OT1/cmr/m/n/10.53937 1\C70/rm/m/n/10.53937/65 å\OT1/cmr/m/n/10.53937 0:00\C70/rm/m/n/10.53937/76 „
 []



[5]

[6]

[7

]

[8]
Overfull \hbox (3.63988pt too wide) in paragraph at lines 371--373
[]\C70/rm/m/n/10.53937/57 (\OT1/cmr/m/n/10.53937 144\C70/rm/m/n/10.53937/4e * \C70/rm/m/n/10.53937/65 ö \C70/rm/m/n/10.53937/6b µ \C70/rm/m/n/10.53937/4e |\C70/rm/m/n/10.53937/ff ^^L| \C70/rm/m/n/10.53937/6a ! \C70/rm/m/n/10.53937/57 ‹ \C70/rm/m/n/10.53937/51 q \C70/rm/m/n/10.53937/67 	\OT1/cmr/m/n/10.53937 721\C70/rm/m/n/10.53937/4e * \C70/rm/m/n/10.53937/53 Ø \C70/rm/m/n/10.53937/91 Ï|\C70/rm/m/n/10.53937/ff ^^L| \C70/rm/m/n/10.53937/51 v \C70/rm/m/n/10.53937/4e - \C70/rm/m/n/10.53937/8d - \C70/rm/m/n/10.53937/75 5 \C70/rm/m/n/10.53937/91 Ï|\C70/rm/m/n/10.53937/30 ^^A| \C70/rm/m/n/10.53937/51 E \C70/rm/m/n/10.53937/75 5 \C70/rm/m/n/10.53937/91 Ï|\C70/rm/m/n/10.53937/30 ^^A| \C70/rm/m/n/10.53937/65 > \C70/rm/m/n/10.53937/75 5 \C70/rm/m/n/10.53937/91 Ï \C70/rm/m/n/10.53937/54 Œ \C70/rm/m/n/10.53937/51 E \C70/rm/m/n/10.53937/65 > \C70/rm/m/n/10.53937/75 5 \C70/rm/m/n/10.53937/72 ¶ \C70/rm/m/n/10.53937/60 ^^A \C70/rm/m/n/10.53937/53 Ø \C70/rm/m/n/10.53937/91 Ï \C70/rm/m/n/10.53937/54 ^^D\OT1/cmr/m/n/10.53937 144\C70/rm/m/n/10.53937/4e *|\C70/rm/m/n/10.53937/ff ^^L|
 []



[9]

[10]
Overfull \hbox (2.50331pt too wide) in paragraph at lines 438--442
\C70/rm/m/n/10.53937/90 è \C70/rm/m/n/10.53937/72 i \C70/rm/m/n/10.53937/74 ^^F \C70/rm/m/n/10.53937/7e ¦ \C70/rm/m/n/10.53937/67 _ \C70/rm/m/n/10.53937/76 „ \C70/rm/m/n/10.53937/52 M \C70/rm/m/n/10.53937/63 Ð \C70/rm/m/n/10.53937/4e  \C70/rm/m/n/10.53937/7e Ù \C70/rm/m/n/10.53937/51 ú \C70/rm/m/n/10.53937/7e Ï \C70/rm/m/n/10.53937/6d N \C70/rm/m/n/10.53937/60 ' \C70/rm/m/n/10.53937/8f ƒ \C70/rm/m/n/10.53937/59 } \C70/rm/m/n/10.53937/76 „ \C70/rm/m/n/10.53937/50 ¨ \C70/rm/m/n/10.53937/80 ý \C70/rm/m/n/10.53937/8c ^^C \C70/rm/m/n/10.53937/5e ¦ \C70/rm/m/n/10.53937/65 ¹ \C70/rm/m/n/10.53937/68 H|\C70/rm/m/n/10.53937/ff ^^L| \C70/rm/m/n/10.53937/5b Œ \C70/rm/m/n/10.53937/65 t \C70/rm/m/n/10.53937/76 „\OT1/cmr/m/n/10.53937 144\C70/rm/m/n/10.53937/65 ö \C70/rm/m/n/10.53937/6b µ \C70/rm/m/n/10.53937/8b ¡ \C70/rm/m/n/10.53937/52 ^^R \C70/rm/m/n/10.53937/5d ò \C70/rm/m/n/10.53937/4f Ý \C70/rm/m/n/10.53937/5b X \C70/rm/m/n/10.53937/81 ó \OT1/cmtt/m/n/10.53937 result1.xlsx|\C70/rm/m/n/10.53937/30 ^^B|
 []


Underfull \hbox (badness 10000) in paragraph at lines 438--442

 []


Overfull \hbox (10.186pt too wide) in paragraph at lines 451--456
\C70/rm/m/n/10.53937/51 À \C70/rm/m/n/10.53937/8d ^^_ \C70/rm/m/n/10.53937/83 w \C70/rm/m/n/10.53937/8f Û \C70/rm/m/n/10.53937/88 L \C70/rm/m/n/10.53937/4f î \C70/rm/m/n/10.53937/6b c|\C70/rm/m/n/10.53937/30 ^^B| \C70/rm/m/n/10.53937/4f î \C70/rm/m/n/10.53937/6b c \C70/rm/m/n/10.53937/54 ^^N \C70/rm/m/n/10.53937/76 „ \C70/rm/m/n/10.53937/8b ¡ \C70/rm/m/n/10.53937/52 ^^R \C70/rm/m/n/10.53937/51 À \C70/rm/m/n/10.53937/8d ^^_ \C70/rm/m/n/10.53937/83 w \C70/rm/m/n/10.53937/4f \ \C70/rm/m/n/10.53937/4e : \C70/rm/m/n/10.53937/5f S \C70/rm/m/n/10.53937/65 å \C70/rm/m/n/10.53937/50 ¨ \C70/rm/m/n/10.53937/80 ý \C70/rm/m/n/10.53937/8c ^^C \C70/rm/m/n/10.53937/5e ¦\OT1/cmr/m/n/10.53937 MILP\C70/rm/m/n/10.53937/76 „ \C70/rm/m/n/10.53937/8f “ \C70/rm/m/n/10.53937/51 e|\C70/rm/m/n/10.53937/ff ^^L| \C70/rm/m/n/10.53937/6c B \C70/rm/m/n/10.53937/5f — \C70/rm/m/n/10.53937/76 „ \C70/rm/m/n/10.53937/8b ¡ \C70/rm/m/n/10.53937/52 ^^R \C70/rm/m/n/10.53937/8d - \C70/rm/m/n/10.53937/75 5 \C70/rm/m/n/10.53937/66 ò \C70/rm/m/n/10.53937/7e ¿ \C70/rm/m/n/10.53937/57 (\OT1/cmr/m/n/10.53937 0:00\C70/rm/m/n/10.53937/95 ^^A
 []



[11]

[12]

[13]

[14]

[15]

[16]
Overfull \hbox (1.22775pt too wide) in paragraph at lines 862--883
\C70/rm/m/n/10.53937/4e ^^N \C70/rm/m/n/10.53937/95 î \C70/rm/m/n/10.53937/98 ˜ \C70/rm/m/n/10.53937/4e Œ \C70/rm/m/n/10.53937/76 ø \C70/rm/m/n/10.53937/6b Ô|\C70/rm/m/n/10.53937/ff ^^L| \C70/rm/m/n/10.53937/7b , \C70/rm/m/n/10.53937/4e 	 \C70/rm/m/n/10.53937/95 î \C70/rm/m/n/10.53937/90 ^^Z \C70/rm/m/n/10.53937/8f Ç\OT1/cmr/m/n/10.53937 6:00|\C70/rm/m/n/10.53937/30 ^^A| \OT1/cmr/m/n/10.53937 12:00\C70/rm/m/n/10.53937/54 Œ\OT1/cmr/m/n/10.53937 18:00\C70/rm/m/n/10.53937/76 „ \C70/rm/m/n/10.53937/51 I \C70/rm/m/n/10.53937/4f ^^O \C70/rm/m/n/10.53937/98 „ \C70/rm/m/n/10.53937/62 ¥ \C70/rm/m/n/10.53937/66 ô \C70/rm/m/n/10.53937/65 °|\C70/rm/m/n/10.53937/ff ^^L| \C70/rm/m/n/10.53937/5c ^^F \C70/rm/m/n/10.53937/51 h \C70/rm/m/n/10.53937/5e t \C70/rm/m/n/10.53937/7d ' \C70/rm/m/n/10.53937/60 % \C70/rm/m/n/10.53937/8d - \C70/rm/m/n/10.53937/75 5 \C70/rm/m/n/10.53937/91 Ï \C70/rm/m/n/10.53937/75 1\OT1/cmr/m/n/10.53937 126347.963398
 []


Overfull \hbox (35.02397pt too wide) in paragraph at lines 862--883
\C70/rm/m/n/10.53937/5f S \C70/rm/m/n/10.53937/52 M \C70/rm/m/n/10.53937/53 Â \C70/rm/m/n/10.53937/65 p \C70/rm/m/n/10.53937/4e  \C70/rm/m/n/10.53937/8c ^^C \C70/rm/m/n/10.53937/65 t \C70/rm/m/n/10.53937/54 ^^N \C70/rm/m/n/10.53937/8d - \C70/rm/m/n/10.53937/75 5 \C70/rm/m/n/10.53937/91 Ï \C70/rm/m/n/10.53937/9a Ø \C70/rm/m/n/10.53937/4e Ž \C70/rm/m/n/10.53937/53 Ÿ \C70/rm/m/n/10.53937/8b ¡ \C70/rm/m/n/10.53937/52 ^^R \C70/rm/m/n/10.53937/91 Ï|\C70/rm/m/n/10.53937/ff ^^L| \C70/rm/m/n/10.53937/8b ¡ \C70/rm/m/n/10.53937/52 ^^R \C70/rm/m/n/10.53937/8d 9 \C70/rm/m/n/10.53937/75 ( \C70/rm/m/n/10.53937/54 Œ \C70/rm/m/n/10.53937/8c ^^C \C70/rm/m/n/10.53937/65 t \C70/rm/m/n/10.53937/8d 9 \C70/rm/m/n/10.53937/75 ( \C70/rm/m/n/10.53937/4e K \C70/rm/m/n/10.53937/54 Œ \C70/rm/m/n/10.53937/75 e \C70/rm/m/n/10.53937/67 	 \C70/rm/m/n/10.53937/58 ž \C70/rm/m/n/10.53937/52  |\C70/rm/m/n/10.53937/ff ^^L| \C70/rm/m/n/10.53937/60 ; \C70/rm/m/n/10.53937/8d 9 \C70/rm/m/n/10.53937/75 ( \C70/rm/m/n/10.53937/4e :\OT1/cmr/m/n/10.53937 14296523.243658\C70/rm/m/n/10.53937/51 C|\C70/rm/m/n/10.53937/ff ^^L|
 []



[17]

LaTeX Warning: Empty `thebibliography' environment on input line 891.



[18

]

[19

] (./document.aux)
 ***********
LaTeX2e <2024-11-01> patch level 2
L3 programming layer <2022/07/14>
 ***********


LaTeX Font Warning: Size substitutions with differences
(Font)              up to 0.41063pt have occurred.

 ) 
Here is how much of TeX's memory you used:
 26692 strings out of 473190
 551297 string characters out of 5719980
 926235 words of memory out of 5000000
 49124 multiletter control sequences out of 15000+600000
 655809 words of font info for 390 fonts, out of 8000000 for 9000
 1141 hyphenation exceptions out of 8191
 102i,12n,106p,755b,376s stack positions out of 10000i,1000n,20000p,200000b,200000s
<c:/Windows/Fonts/simhei.ttf><c:/Windows/Fonts/simsun.ttc><c:/Windows/Fonts/simhei.ttf><c:/Windows/Fonts/simsun.ttc><c:/Windows/Fonts/simhei.ttf><c:/Windows/Fonts/simhei.ttf><c:/Windows/Fonts/simhei.ttf><c:/Windows/Fonts/simhei.ttf><c:/Windows/Fonts/simsun.ttc><c:/Windows/Fonts/simhei.ttf><c:/Windows/Fonts/simhei.ttf><c:/Windows/Fonts/simhei.ttf><c:/Windows/Fonts/simhei.ttf><c:/Windows/Fonts/simhei.ttf><c:/Windows/Fonts/simhei.ttf><c:/Windows/Fonts/simhei.ttf><c:/Windows/Fonts/simhei.ttf><c:/Windows/Fonts/simhei.ttf><c:/Windows/Fonts/simhei.ttf><c:/Windows/Fonts/simhei.ttf><c:/Windows/Fonts/simhei.ttf><c:/Windows/Fonts/simhei.ttf><c:/Windows/Fonts/simhei.ttf><c:/Windows/Fonts/simhei.ttf><c:/Windows/Fonts/simhei.ttf><c:/Windows/Fonts/simhei.ttf><c:/Windows/Fonts/simsun.ttc><c:/Windows/Fonts/simhei.ttf><c:/Windows/Fonts/simhei.ttf><c:/Windows/Fonts/simsun.ttc><c:/Windows/Fonts/simsun.ttc><c:/Windows/Fonts/simsun.ttc><c:/Windows/Fonts/simhei.ttf><c:/Windows/Fonts/simsun.ttc><c:/Windows/Fonts/simsun.ttc><c:/Windows/Fonts/simsun.ttc><c:/Windows/Fonts/simsun.ttc><c:/Windows/Fonts/simsun.ttc><c:/Windows/Fonts/simsun.ttc><c:/Windows/Fonts/simhei.ttf><c:/Windows/Fonts/simhei.ttf><c:/Windows/Fonts/simhei.ttf><c:/Windows/Fonts/simhei.ttf><c:/Windows/Fonts/simsun.ttc><c:/Windows/Fonts/simhei.ttf><c:/Windows/Fonts/simsun.ttc><c:/Windows/Fonts/simsun.ttc><c:/Windows/Fonts/simsun.ttc><c:/Windows/Fonts/simsun.ttc><c:/Windows/Fonts/simsun.ttc><c:/Windows/Fonts/simsun.ttc><c:/Windows/Fonts/simsun.ttc><c:/Windows/Fonts/simsun.ttc><c:/Windows/Fonts/simsun.ttc><c:/Windows/Fonts/simsun.ttc><c:/Windows/Fonts/simsun.ttc><c:/Windows/Fonts/simsun.ttc><c:/Windows/Fonts/simsun.ttc><c:/Windows/Fonts/simsun.ttc><c:/Windows/Fonts/simhei.ttf><c:/Windows/Fonts/simsun.ttc><c:/Windows/Fonts/simsun.ttc><c:/Windows/Fonts/simsun.ttc><c:/Windows/Fonts/simsun.ttc><c:/Windows/Fonts/simsun.ttc><c:/Windows/Fonts/simsun.ttc><c:/Windows/Fonts/simhei.ttf><c:/Windows/Fonts/simhei.ttf><c:/Windows/Fonts/simhei.ttf><c:/Windows/Fonts/simsun.ttc><c:/Windows/Fonts/simsun.ttc><c:/Windows/Fonts/simsun.ttc><c:/Windows/Fonts/simsun.ttc><c:/Windows/Fonts/simsun.ttc><c:/Windows/Fonts/simhei.ttf><c:/Windows/Fonts/simhei.ttf><c:/Windows/Fonts/simhei.ttf><c:/Windows/Fonts/simhei.ttf><c:/Windows/Fonts/simhei.ttf><c:/Windows/Fonts/simhei.ttf><c:/Windows/Fonts/simhei.ttf><c:/Windows/Fonts/simhei.ttf><c:/Windows/Fonts/simhei.ttf><c:/Windows/Fonts/simhei.ttf><c:/Windows/Fonts/simsun.ttc><c:/Windows/Fonts/simhei.ttf><c:/Windows/Fonts/simhei.ttf><c:/Windows/Fonts/simhei.ttf><c:/Windows/Fonts/simhei.ttf><c:/Windows/Fonts/simhei.ttf><c:/Windows/Fonts/simhei.ttf><c:/Windows/Fonts/simsun.ttc><c:/Windows/Fonts/simsun.ttc><c:/Windows/Fonts/simsun.ttc><c:/Windows/Fonts/simsun.ttc><c:/Windows/Fonts/simsun.ttc><c:/Windows/Fonts/simsun.ttc><c:/Windows/Fonts/simsun.ttc><c:/Windows/Fonts/simsun.ttc><c:/Windows/Fonts/simsun.ttc><c:/Windows/Fonts/simsun.ttc><c:/Windows/Fonts/simsun.ttc><c:/Windows/Fonts/simsun.ttc><c:/Windows/Fonts/simsun.ttc><c:/Windows/Fonts/simsun.ttc><c:/Windows/Fonts/simsun.ttc><c:/Windows/Fonts/simsun.ttc><c:/Windows/Fonts/simsun.ttc><c:/Windows/Fonts/simsun.ttc><c:/Windows/Fonts/simsun.ttc><c:/Windows/Fonts/simhei.ttf><c:/Windows/Fonts/simhei.ttf><c:/Windows/Fonts/simsun.ttc><c:/Windows/Fonts/simsun.ttc><c:/Windows/Fonts/simsun.ttc><c:/Windows/Fonts/simsun.ttc><c:/Windows/Fonts/simsun.ttc><c:/Windows/Fonts/simsun.ttc><c:/Windows/Fonts/simsun.ttc><c:/Windows/Fonts/simsun.ttc><c:/Windows/Fonts/simsun.ttc><c:/Windows/Fonts/simsun.ttc><c:/Windows/Fonts/simsun.ttc><c:/Windows/Fonts/simsun.ttc><c:/Windows/Fonts/simsun.ttc><c:/Windows/Fonts/simsun.ttc><c:/Windows/Fonts/simsun.ttc><d:/texlive/2025/texmf-dist/fonts/type1/public/amsfonts/cm/cmbx10.pfb><d:/texlive/2025/texmf-dist/fonts/type1/public/amsfonts/cm/cmbx12.pfb><d:/texlive/2025/texmf-dist/fonts/type1/public/amsfonts/cm/cmex10.pfb><d:/texlive/2025/texmf-dist/fonts/type1/public/amsfonts/cm/cmmi10.pfb><d:/texlive/2025/texmf-dist/fonts/type1/public/amsfonts/cm/cmmi7.pfb><d:/texlive/2025/texmf-dist/fonts/type1/public/amsfonts/cm/cmr10.pfb><d:/texlive/2025/texmf-dist/fonts/type1/public/amsfonts/cm/cmr7.pfb><d:/texlive/2025/texmf-dist/fonts/type1/public/amsfonts/cm/cmsy10.pfb><d:/texlive/2025/texmf-dist/fonts/type1/public/amsfonts/cm/cmsy5.pfb><d:/texlive/2025/texmf-dist/fonts/type1/public/amsfonts/cm/cmsy7.pfb><d:/texlive/2025/texmf-dist/fonts/type1/public/amsfonts/cm/cmtt10.pfb>
Output written on document.pdf (19 pages, 721500 bytes).
PDF statistics:
 710 PDF objects out of 1000 (max. 8388607)
 461 compressed objects within 5 object streams
 0 named destinations out of 1000 (max. 500000)
 309 words of extra memory for PDF output out of 10000 (max. 10000000)

