\BOOKMARK [1][-]{section.1}{\376\377\225\356\230\230\221\315\217\360}{}% 1
\BOOKMARK [1][-]{section.2}{\376\377\225\356\230\230\122\006\147\220}{}% 2
\BOOKMARK [2][-]{subsection.2.1}{\376\377\225\356\230\230\116\000\166\204\122\006\147\220}{section.2}% 3
\BOOKMARK [2][-]{subsection.2.2}{\376\377\225\356\230\230\116\214\166\204\122\006\147\220}{section.2}% 4
\BOOKMARK [2][-]{subsection.2.3}{\376\377\225\356\230\230\116\011\166\204\122\006\147\220}{section.2}% 5
\BOOKMARK [2][-]{subsection.2.4}{\376\377\225\356\230\230\126\333\166\204\122\006\147\220}{section.2}% 6
\BOOKMARK [1][-]{section.3}{\376\377\152\041\127\213\120\107\213\276}{}% 7
\BOOKMARK [1][-]{section.4}{\376\377\173\046\123\367\213\364\146\016}{}% 8
\BOOKMARK [1][-]{section.5}{\376\377\152\041\127\213\136\372\172\313\116\016\154\102\211\343}{}% 9
\BOOKMARK [2][-]{subsection.5.1}{\376\377\225\356\230\230\116\000\377\032\170\156\133\232\140\047\147\141\116\366\116\013\166\204\213\241\122\022\215\055\165\065\116\016\120\250\200\375\117\030\123\026\152\041\127\213}{section.5}% 10
\BOOKMARK [3][-]{subsubsection.5.1.1}{\376\377\136\372\152\041\140\035\215\357\116\016\145\366\225\364\171\273\145\143\123\026}{subsection.5.1}% 11
\BOOKMARK [3][-]{subsubsection.5.1.2}{\376\377\121\263\173\126\123\330\221\317\116\016\166\356\150\007\121\375\145\160}{subsection.5.1}% 12
\BOOKMARK [3][-]{subsubsection.5.1.3}{\376\377\117\233\227\000\136\163\210\141\116\016\120\250\200\375\176\246\147\137\000\050\152\041\127\213\176\246\147\137\147\141\116\366\000\051}{subsection.5.1}% 13
\BOOKMARK [3][-]{subsubsection.5.1.4}{\376\377\127\372\116\216\000H\000i\000G\000H\000S\154\102\211\343\126\150\166\204\152\041\127\213\154\102\211\343}{subsection.5.1}% 14
\BOOKMARK [3][-]{subsubsection.5.1.5}{\376\377\147\000\117\030\215\055\165\065\173\126\165\145\116\016\176\323\147\234\122\006\147\220}{subsection.5.1}% 15
\BOOKMARK [2][-]{subsection.5.2}{\376\377\225\356\230\230\116\214\377\032\156\332\122\250\230\204\155\113\116\016\230\316\226\151\117\356\153\143\116\013\166\204\215\055\165\065\124\214\120\250\200\375\117\030\123\026\152\041\127\213}{section.5}% 16
\BOOKMARK [3][-]{subsubsection.5.2.1}{\376\377\136\372\152\041\140\035\215\357\116\016\140\073\117\123\150\106\147\266}{subsection.5.2}% 17
\BOOKMARK [3][-]{subsubsection.5.2.2}{\376\377\156\332\122\250\230\204\155\113\213\276\177\156}{subsection.5.2}% 18
\BOOKMARK [3][-]{subsubsection.5.2.3}{\376\377\215\037\217\175\116\016\121\111\117\017\145\366\225\364\136\217\122\027\230\204\155\113\152\041\127\213}{subsection.5.2}% 19
\BOOKMARK [3][-]{subsubsection.5.2.4}{\376\377\230\204\155\113\213\357\135\356\116\016\0008\0000\000\045\122\006\117\115\145\160\230\316\226\151\117\356\153\143}{subsection.5.2}% 20
\BOOKMARK [3][-]{subsubsection.5.2.5}{\376\377\133\236\226\105\217\320\210\114\116\016\215\350\145\345\156\332\122\250\154\102\211\343}{subsection.5.2}% 21
\BOOKMARK [3][-]{subsubsection.5.2.6}{\376\377\152\041\127\213\154\102\211\343\176\323\147\234\116\016\122\006\147\220}{subsection.5.2}% 22
\BOOKMARK [2][-]{subsection.5.3}{\376\377\225\356\230\230\116\011\377\032\121\111\117\017\230\204\142\245\232\161\122\250\166\204\131\032\226\066\153\265\215\055\165\065\124\214\120\250\200\375\117\030\123\026\152\041\127\213}{section.5}% 23
\BOOKMARK [3][-]{subsubsection.5.3.1}{\376\377\131\032\226\066\153\265\121\263\173\126\116\016\117\341\140\157\176\323\147\204}{subsection.5.3}% 24
\BOOKMARK [3][-]{subsubsection.5.3.2}{\376\377\213\241\122\022\215\055\165\065\173\126\165\145\166\204\122\066\133\232}{subsection.5.3}% 25
\BOOKMARK [3][-]{subsubsection.5.3.3}{\376\377\156\332\122\250\214\003\145\164\152\041\127\213}{subsection.5.3}% 26
\BOOKMARK [3][-]{subsubsection.5.3.4}{\376\377\133\236\226\105\217\320\210\114\116\016\175\047\140\045\215\055\165\065}{subsection.5.3}% 27
\BOOKMARK [3][-]{subsubsection.5.3.5}{\376\377\152\041\127\213\154\102\211\343\176\323\147\234}{subsection.5.3}% 28
\BOOKMARK [2][-]{subsection.5.4}{\376\377\225\356\230\230\126\333\377\032\122\250\140\001\165\065\116\367\230\204\155\113\116\016\215\055\165\065\142\020\147\054\117\030\123\026\152\041\127\213}{section.5}% 29
\BOOKMARK [3][-]{subsubsection.5.4.1}{\376\377\000R\000o\000l\000l\000i\000n\000g\165\065\116\367\230\204\155\113\152\041\127\213}{subsection.5.4}% 30
\BOOKMARK [3][-]{subsubsection.5.4.2}{\376\377\225\356\230\230\0004\000-\0002\166\204\145\345\122\115\215\055\165\065\152\041\127\213}{subsection.5.4}% 31
\BOOKMARK [3][-]{subsubsection.5.4.3}{\376\377\225\356\230\230\0004\000-\0003\166\204\131\032\226\066\153\265\214\003\145\164\152\041\127\213}{subsection.5.4}% 32
\BOOKMARK [3][-]{subsubsection.5.4.4}{\376\377\152\041\127\213\154\102\211\343\176\323\147\234\116\016\133\371\153\324\122\006\147\220}{subsection.5.4}% 33
\BOOKMARK [1][-]{section.6}{\376\377\152\041\127\213\213\304\117\060\116\016\160\165\145\117\136\246\122\006\147\220}{}% 34
\BOOKMARK [2][-]{subsection.6.1}{\376\377\147\011\145\110\140\047\124\214\153\143\170\156\140\047\213\304\117\060}{section.6}% 35
\BOOKMARK [2][-]{subsection.6.2}{\376\377\152\041\127\213\234\201\150\322\140\047\124\214\172\063\120\145\140\047\213\304\117\060}{section.6}% 36
\BOOKMARK [2][-]{subsection.6.3}{\376\377\152\041\127\213\123\357\211\343\221\312\140\047\124\214\123\357\143\250\136\177\140\047\213\304\117\060}{section.6}% 37
\BOOKMARK [2][-]{subsection.6.4}{\376\377\152\041\127\213\145\071\217\333\145\271\124\021}{section.6}% 38
\BOOKMARK [1][-]{section.7}{\376\377\176\323\147\234\122\006\147\220}{}% 39
\BOOKMARK [2][-]{subsection.7.1}{\376\377\176\374\124\010\176\323\213\272}{section.7}% 40
\BOOKMARK [2][-]{subsection.7.2}{\376\377\136\224\165\050\143\250\136\177}{section.7}% 41
